18:39:09 **** Incremental Build of configuration Debug for project base_blink ****
make -j16 all 
arm-none-eabi-gcc "../Core/Src/main.c" -mcpu=cortex-m3 -std=gnu11 -g3 -DDEBUG -DUSE_HAL_DRIVER -DSTM32L152xE -c -I../Core/Inc -I../Drivers/STM32L1xx_HAL_Driver/Inc -I../Drivers/STM32L1xx_HAL_Driver/Inc/Legacy -I../Drivers/CMSIS/Device/ST/STM32L1xx/Include -I../Drivers/CMSIS/Include -O0 -ffunction-sections -fdata-sections -Wall -fstack-usage -fcyclomatic-complexity -MMD -MP -MF"Core/Src/main.d" -MT"Core/Src/main.o" --specs=nano.specs -mfloat-abi=soft -mthumb -o "Core/Src/main.o"
arm-none-eabi-gcc -o "base_blink.elf" @"objects.list"   -mcpu=cortex-m3 -T"C:\Users\riley\MicroV1\base_blink\STM32L152RETX_FLASH.ld" --specs=nosys.specs -Wl,-Map="base_blink.map" -Wl,--gc-sections -static --specs=nano.specs -mfloat-abi=soft -mthumb -Wl,--start-group -lc -lm -Wl,--end-group
Finished building target: base_blink.elf
 
arm-none-eabi-size  base_blink.elf 
arm-none-eabi-objdump -h -S base_blink.elf  > "base_blink.list"
   text	   data	    bss	    dec	    hex	filename
   6368	     12	   1572	   7952	   1f10	base_blink.elf
Finished building: default.size.stdout
 
Finished building: base_blink.list
 

18:39:10 Build Finished. 0 errors, 0 warnings. (took 817ms)

